<T>
  <k> . </k>
  <lenv> .Map </lenv>
  <genv> ( Baz . r8 ) |-> 84 ( Bar . r7 ) |-> 28 ( Foo . r2 ) |-> 3 ( Foo . r1 ) |-> 4 </genv>
  <modules>
    <Module>
      <curr> 0 </curr>
      <name> Baz </name>
      <dataCons> .TyExpList </dataCons>
      <decl> r8  .NameList </decl>
      <importedModules> Bar  ( Foo  .ModNmList ) </importedModules>
      <exportTy> .TyExpList </exportTy>
      <exportTm> .NameList </exportTm>
    </Module>
    <Module>
      <curr> 0 </curr>
      <name> Bar </name>
      <dataCons> .TyExpList </dataCons>
      <decl> r7  .NameList </decl>
      <importedModules> Foo  .ModNmList </importedModules>
      <exportTy> .TyExpList </exportTy>
      <exportTm> r7  .NameList </exportTm>
    </Module>
    <Module>
      <curr> 0 </curr>
      <name> Foo </name>
      <dataCons> .TyExpList </dataCons>
      <decl> r2  ( r1  .NameList ) </decl>
      <importedModules> .ModNmList </importedModules>
      <exportTy> .TyExpList </exportTy>
      <exportTm> r1  ( r2  .NameList ) </exportTm>
    </Module>
  </modules>
</T>
