<T>
  <k>
    .
  </k>
  <lenv>
    .Map
  </lenv>
  <genv>
    Bar . r7 |-> 28
    Baz . r8 |-> 84
    Foo . r1 |-> 4
    Foo . r2 |-> 3
  </genv>
  <modules>
    ModuleCellSetItem ( <Module>
      <curr>
        0
      </curr>
      <name>
        Bar
      </name>
      <dataCons>
        .TyExpList
      </dataCons>
      <decl>
        r7  .QualCList
      </decl>
      <importedModules>
        Foo  .ModNmList
      </importedModules>
      <exportTy>
        .TyExpList
      </exportTy>
      <exportTm>
        r7  .QualCList
      </exportTm>
    </Module> ) ModuleCellSetItem ( <Module>
      <curr>
        0
      </curr>
      <name>
        Baz
      </name>
      <dataCons>
        .TyExpList
      </dataCons>
      <decl>
        r8  .QualCList
      </decl>
      <importedModules>
        Bar  Foo  .ModNmList
      </importedModules>
      <exportTy>
        .TyExpList
      </exportTy>
      <exportTm>
        .QualCList
      </exportTm>
    </Module> ) ModuleCellSetItem ( <Module>
      <curr>
        0
      </curr>
      <name>
        Foo
      </name>
      <dataCons>
        .TyExpList
      </dataCons>
      <decl>
        r2  r1  .QualCList
      </decl>
      <importedModules>
        .ModNmList
      </importedModules>
      <exportTy>
        .TyExpList
      </exportTy>
      <exportTm>
        r1  r2  .QualCList
      </exportTm>
    </Module> )
  </modules>
</T>
