<T>
  <k> . </k>
  <lenv> .Map </lenv>
  <genv> ( Foo . result ) |-> ( con Nat . Z .ValList ) </genv>
  <modules>
    <module>
      <curr> 0 </curr>
      <name> Foo </name>
      <data> .TyExpList </data>
      <decl> .NameList </decl>
      <import> Nat  .ModNmList </import>
      <exportTy> .TyExpList </exportTy>
      <exportTm> .NameList </exportTm>
    </module>
    <module>
      <curr> 0 </curr>
      <name> Nat </name>
      <data> ( MyNat ( S  ( Z  .ConList ) ) )  .TyExpList </data>
      <decl> .NameList </decl>
      <import> .ModNmList </import>
      <exportTy> ( MyNat ( S  ( Z  .ConList ) ) )  .TyExpList </exportTy>
      <exportTm> .NameList </exportTm>
    </module>
  </modules>
</T>
