<T>
  <k> . </k>
  <lenv> .Map </lenv>
  <genv> ( Bar . r7 ) |-> 20 ( Foo . r5 ) |-> ( con Prelude . True .ValList ) ( Foo . r2 ) |-> 3 ( Foo . r3 ) |-> 5 ( Foo . r1 ) |-> 4 ( Foo . r6 ) |-> ( con Prelude . False .ValList ) </genv>
  <modules>
    <module>
      <curr> 0 </curr>
      <name> Bar </name>
      <data> .TyExpList </data>
      <decl> .NameList </decl>
      <import> Foo  .ModNmList </import>
      <exportTy> .TyExpList </exportTy>
      <exportTm> .NameList </exportTm>
    </module>
    <module>
      <curr> 0 </curr>
      <name> Foo </name>
      <data> .TyExpList </data>
      <decl> r3  ( r2  ( r1  .NameList ) ) </decl>
      <import> .ModNmList </import>
      <exportTy> .TyExpList </exportTy>
      <exportTm> r1  ( r2  ( r3  ( r5  .NameList ) ) ) </exportTm>
    </module>
  </modules>
</T>
