<T>
  <k>
    Foo . r1 ~> #freezer(builtin___)_PLUTUS-CORE-COMMON1_ ( equalsInteger , 2 ) ~> #freezer(define__)_PLUTUS-CORE-COMMON0_ ( r7 ) ~> .DecList ~> ( program .ModList )
  </k>
  <lenv>
    .Map
  </lenv>
  <genv>
    Foo . r1 |-> 2
    Foo . r2 |-> ( con Prelude . False .ValList )
    Foo . r5 |-> ( con Prelude . True .ValList )
    Foo . r6 |-> ( con Prelude . False .ValList )
  </genv>
  <modules>
    ModuleCellSetItem ( <Module>
      <curr>
        0
      </curr>
      <name>
        Foo
      </name>
      <dataCons>
        .TyExpList
      </dataCons>
      <decl>
        r1  .QualCList
      </decl>
      <importedModules>
        .ModNmList
      </importedModules>
      <exportTy>
        .TyExpList
      </exportTy>
      <exportTm>
        r1  .QualCList
      </exportTm>
    </Module> ) ModuleCellSetItem ( <Module>
      <curr>
        1
      </curr>
      <name>
        Bar
      </name>
      <dataCons>
        .TyExpList
      </dataCons>
      <decl>
        .QualCList
      </decl>
      <importedModules>
        .ModNmList
      </importedModules>
      <exportTy>
        .TyExpList
      </exportTy>
      <exportTm>
        .QualCList
      </exportTm>
    </Module> )
  </modules>
</T>
