<T>
  <k> . </k>
  <lenv> .Map </lenv>
  <genv> ( Foo . result ) |-> 90 </genv>
  <modules>
    <Module>
      <curr> 0 </curr>
      <name> Foo </name>
      <dataCons> .TyExpList </dataCons>
      <decl> .NameList </decl>
      <importedModules> Nat  .ModNmList </importedModules>
      <exportTy> .TyExpList </exportTy>
      <exportTm> .NameList </exportTm>
    </Module>
    <Module>
      <curr> 0 </curr>
      <name> Nat </name>
      <dataCons> ( MyType ( Foo  ( NotThisOne  ( NotThisTwo  ( NotThisThree  ( NotThisFour  ( NotThisFive  .ConList ) ) ) ) ) ) )  .TyExpList </dataCons>
      <decl> .NameList </decl>
      <importedModules> .ModNmList </importedModules>
      <exportTy> ( MyType ( Foo  ( NotThisOne  ( NotThisTwo  ( NotThisThree  ( NotThisFour  ( Foo  ( NotThisFive  .ConList ) ) ) ) ) ) ) )  .TyExpList </exportTy>
      <exportTm> .NameList </exportTm>
    </Module>
  </modules>
</T>
