<T>
  <k> . </k>
  <lenv> .Map </lenv>
  <genv> ( Foo . i3 ) |-> 11 ( Foo . i4 ) |-> 3 ( Foo . i1 ) |-> 10 ( Foo . i2 ) |-> 3 </genv>
  <modules>
    <Module>
      <curr> 0 </curr>
      <name> Foo </name>
      <dataCons> .TyExpList </dataCons>
      <decl> .NameList </decl>
      <importedModules> .ModNmList </importedModules>
      <exportTy> .TyExpList </exportTy>
      <exportTm> .NameList </exportTm>
    </Module>
  </modules>
</T>
