<T>
  <k>
    .
  </k>
  <lenv>
    .Map
  </lenv>
  <genv>
    Foo . bs1 |-> #468
    Foo . bs2 |-> #9
    Foo . bs3 |-> #F
    Foo . bs4 |-> #10
    Foo . bs5 |-> #11
    Foo . bs6 |-> #93E2
    Foo . bs7 |-> #0
  </genv>
  <modules>
    ModuleCellSetItem ( <Module>
      <curr>
        0
      </curr>
      <name>
        Foo
      </name>
      <dataCons>
        .TyExpList
      </dataCons>
      <decl>
        .QualCList
      </decl>
      <importedModules>
        .ModNmList
      </importedModules>
      <exportTy>
        .TyExpList
      </exportTy>
      <exportTm>
        .QualCList
      </exportTm>
    </Module> )
  </modules>
</T>
