<T>
  <k> . </k>
  <lenv> .Map </lenv>
  <genv> ( Foo . result ) |-> ( con Prelude . MkPair 2  ( 1  .ValList ) ) </genv>
  <modules>
    <module>
      <curr> 0 </curr>
      <name> Foo </name>
      <data> .TyExpList </data>
      <decl> .NameList </decl>
      <import> .ModNmList </import>
      <exportTy> .TyExpList </exportTy>
      <exportTm> .NameList </exportTm>
    </module>
  </modules>
</T>
