<T>
  <k> . </k>
  <lenv> .Map </lenv>
  <genv> ( Foo . r4 ) |-> 35 ( Foo . r5 ) |-> #B ( Foo . r2 ) |-> 13 ( Foo . r3 ) |-> 30 ( Foo . r1 ) |-> 2 </genv>
  <modules>
    <module>
      <curr> 0 </curr>
      <name> Foo </name>
      <data> .TyExpList </data>
      <decl> .NameList </decl>
      <import> .ModNmList </import>
      <exportTy> .TyExpList </exportTy>
      <exportTm> .NameList </exportTm>
    </module>
  </modules>
</T>
