<T>
  <plutus>
    .
  </plutus>
  <iele>
    define @init ( .LocalNames ) {
      %alloc_counter_ptr = 0
      store 1 , %alloc_counter_ptr
      .Instructions .LabeledBlocks
    }
    
    define @fresh0 ( %x , .LocalNames ) {
      %ret = add %x , 2
      ret %ret , .Operands
      .Instructions .LabeledBlocks
    }
    
    define @foo ( .LocalNames ) {
      %ret , .LValues = call @alloc ( 1 , .Operands )
      store 0 , %ret
      ret %ret , .Operands
      .Instructions .LabeledBlocks
    }
    
    define @dispatch ( %closure , %param , .LocalNames ) {
      %fptr = load %closure
      %cond = cmp eq %fptr , 0
      br %cond , label0

      label0:
      %ret , .LValues = call @fresh0 ( %closure , %param , .Operands )
      ret %ret , .Operands
      .Instructions .LabeledBlocks
    }
    
    define @alloc ( %size , .LocalNames ) {
      %alloc_counter_ptr = 0
      %alloced = load %alloc_counter_ptr
      %ret = %alloced
      %alloced = add %size , %alloced
      store %alloced , %alloc_counter_ptr
      ret %ret , .Operands
      .Instructions .LabeledBlocks
    }
    
    .TopLevelDefinitions
  </iele>
  <totalFunctions>
    5
  </totalFunctions>
  <totalReadyForDispatch>
    5
  </totalReadyForDispatch>
  <dispatchedFunctionsLeft>
    0
  </dispatchedFunctionsLeft>
  <functions>
    .FunctionCellSet
  </functions>
</T>
