<T>
  <plutus>
    .
  </plutus>
  <iele>
    define @init ( .LocalNames ) {
      %alloc_counter_ptr = 0
      store 1 , %alloc_counter_ptr
      .Instructions .LabeledBlocks
    }
    
    define @fresh1 ( %x , .LocalNames ) {
      %addr = add %closure , 1
      %fresh5 = load %addr
      %ret , .LValues = call @dispatch ( %fresh5 , %x , .Operands )
      ret %ret , .Operands
      .Instructions .LabeledBlocks
    }
    
    define @fresh0 ( %f , .LocalNames ) {
      %ret , .LValues = call @alloc ( 2 , .Operands )
      store 1 , %ret
      %fresh3 = add %ret , 1
      store %f , %fresh3
      ret %ret , .Operands
      .Instructions .LabeledBlocks
    }
    
    define @dispatch ( %closure , %param , .LocalNames ) {
      %fptr = load %closure
      %cond = cmp eq %fptr , 0
      br %cond , label0
      %cond = cmp eq %fptr , 1
      br %cond , label1

      label1:
      %ret , .LValues = call @fresh1 ( %closure , %param , .Operands )
      ret %ret , .Operands

      label0:
      %ret , .LValues = call @fresh0 ( %closure , %param , .Operands )
      ret %ret , .Operands
      .Instructions .LabeledBlocks
    }
    
    define @app ( .LocalNames ) {
      %ret , .LValues = call @alloc ( 1 , .Operands )
      store 0 , %ret
      ret %ret , .Operands
      .Instructions .LabeledBlocks
    }
    
    define @alloc ( %size , .LocalNames ) {
      %alloc_counter_ptr = 0
      %alloced = load %alloc_counter_ptr
      %ret = %alloced
      %alloced = add %size , %alloced
      store %alloced , %alloc_counter_ptr
      ret %ret , .Operands
      .Instructions .LabeledBlocks
    }
    
    .TopLevelDefinitions
  </iele>
  <totalFunctions>
    6
  </totalFunctions>
  <totalReadyForDispatch>
    6
  </totalReadyForDispatch>
  <dispatchedFunctionsLeft>
    0
  </dispatchedFunctionsLeft>
  <functions>
    .FunctionCellSet
  </functions>
</T>
